// Jest Snapshot v1, https://goo.gl/fbAQLP

exports[`<App /> should match snapshot 1`] = `
<div
  className="ui text container"
  style={
    Object {
      "display": "flex",
      "flexDirection": "column",
    }
  }
>
  <h1
    className="ui header"
  >
    React Wars
  </h1>
  <div
    className="ui text container"
    style={
      Object {
        "display": "flex",
        "flexWrap": "wrap",
        "width": "800px",
      }
    }
  />
</div>
`;
